// Jest Snapshot v1, https://goo.gl/fbAQLP

exports[`Pruebas en el componente Loader Debe de mostrarse correctamente el componente 1`] = `
<div
  className="container-loader"
>
  <div
    className="spinner"
  />
  <SvgLogoBanCoppelPymes />
</div>
`;
