// Jest Snapshot v1, https://goo.gl/fbAQLP

exports[`Pruebas en el componente EstadoDocumentosAnalista Debe coincidir con la snapshot 1`] = `
<div>
  <div
    className="col-12"
  >
    <div
      key="1"
    >
      <div
        className="row my-3"
        key="10"
      >
        <div
          className="col-5 my-auto"
        >
          <span
            className="body2"
          >
            Identificación oficial (Frente)
          </span>
        </div>
        <div
          className="col-4 my-auto text-overflow"
        >
          <span
            className="link"
            title="INE_Carlos.jpg"
          >
            INE_Carlos.jpg
          </span>
        </div>
        <div
          className="col-3 my-auto text-center"
        >
          <SvgAprobado />
        </div>
      </div>
      <div
        className="row my-3"
        key="11"
      >
        <div
          className="col-5 my-auto"
        >
          <span
            className="body2"
          >
            Identificación oficial (Reverso)
          </span>
        </div>
        <div
          className="col-4 my-auto text-overflow"
        >
          <span
            className="link"
            title="INE_Carlos.jpg"
          >
            INE_Carlos.jpg
          </span>
        </div>
        <div
          className="col-3 my-auto text-center"
        >
          <SvgAprobado />
        </div>
      </div>
    </div>
  </div>
</div>
`;
