// Jest Snapshot v1, https://goo.gl/fbAQLP

exports[`Pruebas en el componente CheckBox Debe de mostrarse correctamente el componente 1`] = `
<div
  className="container-check-text"
>
  <div
    className="container-input"
  >
    <input
      checked={false}
      className=" my-check-box"
      name="meEjercenControlMoralComoMoral"
      onChange={[MockFunction]}
      type="checkbox"
      value="si"
    />
  </div>
  <div
    className="container-content"
  >
    <p>
      SÃ­
    </p>
  </div>
</div>
`;
