// Jest Snapshot v1, https://goo.gl/fbAQLP

exports[`Pruebas en el componente cards del backOffice Debe de mostrarse correctamente el componente 1`] = `
<div
  className="row card-simple-blue-sky"
>
  <div
    className="col-2 mt-4"
  >
    <SvgAgendarCita />
  </div>
  <div
    className="col-7 mt-4 pr-0 pl-1"
  >
    <h4
      className="body1"
    >
      Prueba del titulo
    </h4>
    <div
      className="body3"
    >
      Prueba del subtitle
    </div>
  </div>
  <div
    className="col-3 mt-5 px-0 button"
  >
    <button
      className="btn-link-arrow-right-inverted"
      type="button"
    >
      Ver detalle
    </button>
  </div>
</div>
`;
